[    0.000000] Linux version 4.15.0-88-generic (buildd@lgw01-amd64-036) (gcc version 7.4.0 (Ubuntu 7.4.0-1ubuntu1~18.04.1)) #88-Ubuntu SMP Tue Feb 11 20:11:34 UTC 2020 (Ubuntu 4.15.0-88.88-generic 4.15.18)
[    0.000000] Command line: BOOT_IMAGE=/boot/vmlinuz-4.15.0-88-generic root=LABEL=cloudimg-rootfs ro console=tty1 console=ttyS0
[    0.000000] KERNEL supported cpus:
[    0.000000]   Intel GenuineIntel
[    0.000000]   AMD AuthenticAMD
[    0.000000]   Centaur CentaurHauls
[    0.000000] x86/fpu: Supporting XSAVE feature 0x001: 'x87 floating point registers'
[    0.000000] x86/fpu: Supporting XSAVE feature 0x002: 'SSE registers'
[    0.000000] x86/fpu: Supporting XSAVE feature 0x004: 'AVX registers'
[    0.000000] x86/fpu: xstate_offset[2]:  576, xstate_sizes[2]:  256
[    0.000000] x86/fpu: Enabled xstate features 0x7, context size is 832 bytes, using 'standard' format.
[    0.000000] e820: BIOS-provided physical RAM map:
[    0.000000] BIOS-e820: [mem 0x0000000000000000-0x000000000009fbff] usable
[    0.000000] BIOS-e820: [mem 0x000000000009fc00-0x000000000009ffff] reserved
[    0.000000] BIOS-e820: [mem 0x00000000000f0000-0x00000000000fffff] reserved
[    0.000000] BIOS-e820: [mem 0x0000000000100000-0x00000000dffeffff] usable
[    0.000000] BIOS-e820: [mem 0x00000000dfff0000-0x00000000dfffffff] ACPI data
[    0.000000] BIOS-e820: [mem 0x00000000fec00000-0x00000000fec00fff] reserved
[    0.000000] BIOS-e820: [mem 0x00000000fee00000-0x00000000fee00fff] reserved
[    0.000000] BIOS-e820: [mem 0x00000000fffc0000-0x00000000ffffffff] reserved
[    0.000000] BIOS-e820: [mem 0x0000000100000000-0x000000011fffffff] usable
[    0.000000] NX (Execute Disable) protection: active
[    0.000000] SMBIOS 2.5 present.
[    0.000000] DMI: innotek GmbH VirtualBox/VirtualBox, BIOS VirtualBox 12/01/2006
[    0.000000] Hypervisor detected: KVM
[    0.000000] e820: last_pfn = 0x120000 max_arch_pfn = 0x400000000
[    0.000000] MTRR: Disabled
[    0.000000] x86/PAT: MTRRs disabled, skipping PAT initialization too.
[    0.000000] CPU MTRRs all blank - virtualized system.
[    0.000000] x86/PAT: Configuration [0-7]: WB  WT  UC- UC  WB  WT  UC- UC  
[    0.000000] e820: last_pfn = 0xdfff0 max_arch_pfn = 0x400000000
[    0.000000] found SMP MP-table at [mem 0x0009fff0-0x0009ffff]
[    0.000000] Scanning 1 areas for low memory corruption
[    0.000000] RAMDISK: [mem 0x35a6d000-0x36d2dfff]
[    0.000000] ACPI: Early table checksum verification disabled
[    0.000000] ACPI: RSDP 0x00000000000E0000 000024 (v02 VBOX  )
[    0.000000] ACPI: XSDT 0x00000000DFFF0030 00003C (v01 VBOX   VBOXXSDT 00000001 ASL  00000061)
[    0.000000] ACPI: FACP 0x00000000DFFF00F0 0000F4 (v04 VBOX   VBOXFACP 00000001 ASL  00000061)
[    0.000000] ACPI: DSDT 0x00000000DFFF0480 0022EA (v02 VBOX   VBOXBIOS 00000002 INTL 20100528)
[    0.000000] ACPI: FACS 0x00000000DFFF0200 000040
[    0.000000] ACPI: FACS 0x00000000DFFF0200 000040
[    0.000000] ACPI: APIC 0x00000000DFFF0240 00006C (v02 VBOX   VBOXAPIC 00000001 ASL  00000061)
[    0.000000] ACPI: SSDT 0x00000000DFFF02B0 0001CC (v01 VBOX   VBOXCPUT 00000002 INTL 20100528)
[    0.000000] No NUMA configuration found
[    0.000000] Faking a node at [mem 0x0000000000000000-0x000000011fffffff]
[    0.000000] NODE_DATA(0) allocated [mem 0x11ffd1000-0x11fffbfff]
[    0.000000] kvm-clock: cpu 0, msr 1:1ff50001, primary cpu clock
[    0.000000] kvm-clock: Using msrs 4b564d01 and 4b564d00
[    0.000000] kvm-clock: using sched offset of 3577173199 cycles
[    0.000000] clocksource: kvm-clock: mask: 0xffffffffffffffff max_cycles: 0x1cd42e4dffb, max_idle_ns: 881590591483 ns
[    0.000000] Zone ranges:
[    0.000000]   DMA      [mem 0x0000000000001000-0x0000000000ffffff]
[    0.000000]   DMA32    [mem 0x0000000001000000-0x00000000ffffffff]
[    0.000000]   Normal   [mem 0x0000000100000000-0x000000011fffffff]
[    0.000000]   Device   empty
[    0.000000] Movable zone start for each node
[    0.000000] Early memory node ranges
[    0.000000]   node   0: [mem 0x0000000000001000-0x000000000009efff]
[    0.000000]   node   0: [mem 0x0000000000100000-0x00000000dffeffff]
[    0.000000]   node   0: [mem 0x0000000100000000-0x000000011fffffff]
[    0.000000] Reserved but unavailable: 98 pages
[    0.000000] Initmem setup node 0 [mem 0x0000000000001000-0x000000011fffffff]
[    0.000000] ACPI: PM-Timer IO Port: 0x4008
[    0.000000] IOAPIC[0]: apic_id 4, version 32, address 0xfec00000, GSI 0-23
[    0.000000] ACPI: INT_SRC_OVR (bus 0 bus_irq 0 global_irq 2 dfl dfl)
[    0.000000] ACPI: INT_SRC_OVR (bus 0 bus_irq 9 global_irq 9 low level)
[    0.000000] Using ACPI (MADT) for SMP configuration information
[    0.000000] smpboot: Allowing 4 CPUs, 0 hotplug CPUs
[    0.000000] PM: Registered nosave memory: [mem 0x00000000-0x00000fff]
[    0.000000] PM: Registered nosave memory: [mem 0x0009f000-0x0009ffff]
[    0.000000] PM: Registered nosave memory: [mem 0x000a0000-0x000effff]
[    0.000000] PM: Registered nosave memory: [mem 0x000f0000-0x000fffff]
[    0.000000] PM: Registered nosave memory: [mem 0xdfff0000-0xdfffffff]
[    0.000000] PM: Registered nosave memory: [mem 0xe0000000-0xfebfffff]
[    0.000000] PM: Registered nosave memory: [mem 0xfec00000-0xfec00fff]
[    0.000000] PM: Registered nosave memory: [mem 0xfec01000-0xfedfffff]
[    0.000000] PM: Registered nosave memory: [mem 0xfee00000-0xfee00fff]
[    0.000000] PM: Registered nosave memory: [mem 0xfee01000-0xfffbffff]
[    0.000000] PM: Registered nosave memory: [mem 0xfffc0000-0xffffffff]
[    0.000000] e820: [mem 0xe0000000-0xfebfffff] available for PCI devices
[    0.000000] Booting paravirtualized kernel on KVM
[    0.000000] clocksource: refined-jiffies: mask: 0xffffffff max_cycles: 0xffffffff, max_idle_ns: 7645519600211568 ns
[    0.000000] random: get_random_bytes called from start_kernel+0x99/0x4fd with crng_init=0
[    0.000000] setup_percpu: NR_CPUS:8192 nr_cpumask_bits:4 nr_cpu_ids:4 nr_node_ids:1
[    0.000000] percpu: Embedded 45 pages/cpu s147456 r8192 d28672 u524288
[    0.000000] PV qspinlock hash table entries: 256 (order: 0, 4096 bytes)
[    0.000000] Built 1 zonelists, mobility grouping on.  Total pages: 1032057
[    0.000000] Policy zone: Normal
[    0.000000] Kernel command line: BOOT_IMAGE=/boot/vmlinuz-4.15.0-88-generic root=LABEL=cloudimg-rootfs ro console=tty1 console=ttyS0
[    0.000000] Memory: 4013316K/4193848K available (12300K kernel code, 2481K rwdata, 4264K rodata, 2428K init, 2712K bss, 180532K reserved, 0K cma-reserved)
[    0.000000] SLUB: HWalign=64, Order=0-3, MinObjects=0, CPUs=4, Nodes=1
[    0.000000] Kernel/User page tables isolation: enabled
[    0.000000] ftrace: allocating 39344 entries in 154 pages
[    0.004000] Hierarchical RCU implementation.
[    0.004000] 	RCU restricting CPUs from NR_CPUS=8192 to nr_cpu_ids=4.
[    0.004000] 	Tasks RCU enabled.
[    0.004000] RCU: Adjusting geometry for rcu_fanout_leaf=16, nr_cpu_ids=4
[    0.004000] NR_IRQS: 524544, nr_irqs: 456, preallocated irqs: 16
[    0.004000] Console: colour VGA+ 80x25
[    0.004000] console [tty1] enabled
[    0.004000] console [ttyS0] enabled
[    0.004000] ACPI: Core revision 20170831
[    0.004000] ACPI: 2 ACPI AML tables successfully acquired and loaded
[    0.004000] APIC: Switch to symmetric I/O mode setup
[    0.004000] x2apic enabled
[    0.004000] Switched APIC routing to physical x2apic.
[    0.004000] ..TIMER: vector=0x30 apic1=0 pin1=2 apic2=-1 pin2=-1
[    0.004005] tsc: Detected 1992.003 MHz processor
[    0.004800] Calibrating delay loop (skipped) preset value.. 3984.00 BogoMIPS (lpj=7968012)
[    0.005381] pid_max: default: 32768 minimum: 301
[    0.006250] Security Framework initialized
[    0.008002] Yama: becoming mindful.
[    0.008732] AppArmor: AppArmor initialized
[    0.016126] Dentry cache hash table entries: 524288 (order: 10, 4194304 bytes)
[    0.020082] Inode-cache hash table entries: 262144 (order: 9, 2097152 bytes)
[    0.021493] Mount-cache hash table entries: 8192 (order: 4, 65536 bytes)
[    0.023113] Mountpoint-cache hash table entries: 8192 (order: 4, 65536 bytes)
[    0.024258] Last level iTLB entries: 4KB 64, 2MB 8, 4MB 8
[    0.025348] Last level dTLB entries: 4KB 64, 2MB 0, 4MB 0, 1GB 4
[    0.026572] Spectre V1 : Mitigation: usercopy/swapgs barriers and __user pointer sanitization
[    0.028002] Spectre V2 : Mitigation: Full generic retpoline
[    0.029021] Spectre V2 : Spectre v2 / SpectreRSB mitigation: Filling RSB on context switch
[    0.030509] Speculative Store Bypass: Vulnerable
[    0.032029] MDS: Mitigation: Clear CPU buffers
[    0.033184] Freeing SMP alternatives memory: 36K
[    0.144602] smpboot: CPU0: Intel(R) Core(TM) i7-8550U CPU @ 1.80GHz (family: 0x6, model: 0x8e, stepping: 0xa)
[    0.146483] Performance Events: unsupported p6 CPU model 142 no PMU driver, software events only.
[    0.148000] Hierarchical SRCU implementation.
[    0.148842] NMI watchdog: Perf event create on CPU 0 failed with -2
[    0.150283] NMI watchdog: Perf NMI watchdog permanently disabled
[    0.152049] smp: Bringing up secondary CPUs ...
[    0.155743] x86: Booting SMP configuration:
[    0.156001] .... node  #0, CPUs:      #1
[    0.004000] kvm-clock: cpu 1, msr 1:1ff50041, secondary cpu clock
[    0.160061]  #2
[    0.004000] kvm-clock: cpu 2, msr 1:1ff50081, secondary cpu clock
[    0.164065]  #3
[    0.004000] kvm-clock: cpu 3, msr 1:1ff500c1, secondary cpu clock
[    0.168012] smp: Brought up 1 node, 4 CPUs
[    0.168898] smpboot: Max logical packages: 1
[    0.169860] smpboot: Total of 4 processors activated (15936.02 BogoMIPS)
[    0.171291] devtmpfs: initialized
[    0.172052] x86/mm: Memory block size: 128MB
[    0.173401] evm: security.selinux
[    0.174065] evm: security.SMACK64
[    0.174978] evm: security.SMACK64EXEC
[    0.176002] evm: security.SMACK64TRANSMUTE
[    0.176904] evm: security.SMACK64MMAP
[    0.177752] evm: security.apparmor
[    0.178504] evm: security.ima
[    0.179183] evm: security.capability
[    0.180088] clocksource: jiffies: mask: 0xffffffff max_cycles: 0xffffffff, max_idle_ns: 7645041785100000 ns
[    0.181892] futex hash table entries: 1024 (order: 4, 65536 bytes)
[    0.183161] pinctrl core: initialized pinctrl subsystem
[    0.184106] RTC time: 17:43:50, date: 03/02/20
[    0.185439] NET: Registered protocol family 16
[    0.186410] audit: initializing netlink subsys (disabled)
[    0.188018] audit: type=2000 audit(1583171035.028:1): state=initialized audit_enabled=0 res=1
[    0.189558] cpuidle: using governor ladder
[    0.189558] cpuidle: using governor menu
[    0.189760] ACPI: bus type PCI registered
[    0.192003] acpiphp: ACPI Hot Plug PCI Controller Driver version: 0.5
[    0.193407] PCI: Using configuration type 1 for base access
[    0.196040] HugeTLB registered 2.00 MiB page size, pre-allocated 0 pages
[    0.200114] ACPI: Added _OSI(Module Device)
[    0.200892] ACPI: Added _OSI(Processor Device)
[    0.204002] ACPI: Added _OSI(3.0 _SCP Extensions)
[    0.205058] ACPI: Added _OSI(Processor Aggregator Device)
[    0.206129] ACPI: Added _OSI(Linux-Dell-Video)
[    0.207055] ACPI: Added _OSI(Linux-Lenovo-NV-HDMI-Audio)
[    0.208001] ACPI: Added _OSI(Linux-HPI-Hybrid-Graphics)
[    0.209377] ACPI: Executed 1 blocks of module-level executable AML code
[    0.215814] ACPI: Interpreter enabled
[    0.216011] ACPI: (supports S0 S5)
[    0.216775] ACPI: Using IOAPIC for interrupt routing
[    0.217948] PCI: Using host bridge windows from ACPI; if necessary, use "pci=nocrs" and report a bug
[    0.219961] ACPI: Enabled 2 GPEs in block 00 to 07
[    0.228551] ACPI: PCI Root Bridge [PCI0] (domain 0000 [bus 00-ff])
[    0.229899] acpi PNP0A03:00: _OSC: OS supports [ASPM ClockPM Segments MSI]
[    0.231774] acpi PNP0A03:00: _OSC: not requesting OS control; OS requires [ExtendedConfig ASPM ClockPM MSI]
[    0.232009] acpi PNP0A03:00: fail to add MMCONFIG information, can't access extended PCI configuration space under this bridge.
[    0.236202] PCI host bridge to bus 0000:00
[    0.237189] pci_bus 0000:00: root bus resource [io  0x0000-0x0cf7 window]
[    0.238678] pci_bus 0000:00: root bus resource [io  0x0d00-0xffff window]
[    0.240000] pci_bus 0000:00: root bus resource [mem 0x000a0000-0x000bffff window]
[    0.240002] pci_bus 0000:00: root bus resource [mem 0xe0000000-0xfdffffff window]
[    0.241586] pci_bus 0000:00: root bus resource [bus 00-ff]
[    0.245962] pci 0000:00:01.1: legacy IDE quirk: reg 0x10: [io  0x01f0-0x01f7]
[    0.248002] pci 0000:00:01.1: legacy IDE quirk: reg 0x14: [io  0x03f6]
[    0.249308] pci 0000:00:01.1: legacy IDE quirk: reg 0x18: [io  0x0170-0x0177]
[    0.251055] pci 0000:00:01.1: legacy IDE quirk: reg 0x1c: [io  0x0376]
[    0.305748] pci 0000:00:07.0: quirk: [io  0x4000-0x403f] claimed by PIIX4 ACPI
[    0.307329] pci 0000:00:07.0: quirk: [io  0x4100-0x410f] claimed by PIIX4 SMB
[    0.342070] ACPI: PCI Interrupt Link [LNKA] (IRQs 5 9 10 *11)
[    0.343602] ACPI: PCI Interrupt Link [LNKB] (IRQs 5 9 *10 11)
[    0.344121] ACPI: PCI Interrupt Link [LNKC] (IRQs 5 *9 10 11)
[    0.345466] ACPI: PCI Interrupt Link [LNKD] (IRQs 5 9 10 *11)
[    0.348158] SCSI subsystem initialized
[    0.349010] pci 0000:00:02.0: vgaarb: setting as boot VGA device
[    0.349219] pci 0000:00:02.0: vgaarb: VGA device added: decodes=io+mem,owns=io+mem,locks=none
[    0.352004] pci 0000:00:02.0: vgaarb: bridge control possible
[    0.353307] vgaarb: loaded
[    0.353951] ACPI: bus type USB registered
[    0.354820] usbcore: registered new interface driver usbfs
[    0.355963] usbcore: registered new interface driver hub
[    0.356020] usbcore: registered new device driver usb
[    0.357145] EDAC MC: Ver: 3.0.0
[    0.357145] PCI: Using ACPI for IRQ routing
[    0.360285] NetLabel: Initializing
[    0.361109] NetLabel:  domain hash size = 128
[    0.362023] NetLabel:  protocols = UNLABELED CIPSOv4 CALIPSO
[    0.363172] NetLabel:  unlabeled traffic allowed by default
[    0.364138] clocksource: Switched to clocksource kvm-clock
[    0.381896] VFS: Disk quotas dquot_6.6.0
[    0.382780] VFS: Dquot-cache hash table entries: 512 (order 0, 4096 bytes)
[    0.384179] AppArmor: AppArmor Filesystem Enabled
[    0.385121] pnp: PnP ACPI init
[    0.386656] pnp: PnP ACPI: found 3 devices
[    0.398857] clocksource: acpi_pm: mask: 0xffffff max_cycles: 0xffffff, max_idle_ns: 2085701024 ns
[    0.400459] NET: Registered protocol family 2
[    0.401547] TCP established hash table entries: 32768 (order: 6, 262144 bytes)
[    0.403612] TCP bind hash table entries: 32768 (order: 7, 524288 bytes)
[    0.407713] TCP: Hash tables configured (established 32768 bind 32768)
[    0.408996] UDP hash table entries: 2048 (order: 4, 65536 bytes)
[    0.410098] UDP-Lite hash table entries: 2048 (order: 4, 65536 bytes)
[    0.411375] NET: Registered protocol family 1
[    0.412215] pci 0000:00:00.0: Limiting direct PCI/PCI transfers
[    0.413240] pci 0000:00:01.0: Activating ISA DMA hang workarounds
[    0.414367] pci 0000:00:02.0: Video device with shadowed ROM at [mem 0x000c0000-0x000dffff]
[    0.416577] Unpacking initramfs...
[    0.703513] Freeing initrd memory: 19204K
[    0.704549] PCI-DMA: Using software bounce buffering for IO (SWIOTLB)
[    0.705772] software IO TLB: mapped [mem 0xdbff0000-0xdfff0000] (64MB)
[    0.707087] clocksource: tsc: mask: 0xffffffffffffffff max_cycles: 0x396d5809302, max_idle_ns: 881590667022 ns
[    0.709007] platform rtc_cmos: registered platform RTC device (no PNP device found)
[    0.710420] Scanning for low memory corruption every 60 seconds
[    0.713248] Initialise system trusted keyrings
[    0.714458] Key type blacklist registered
[    0.715454] workingset: timestamp_bits=36 max_order=20 bucket_order=0
[    0.717789] zbud: loaded
[    0.718889] squashfs: version 4.0 (2009/01/31) Phillip Lougher
[    0.720422] fuse init (API version 7.26)
[    0.727166] Key type asymmetric registered
[    0.727909] Asymmetric key parser 'x509' registered
[    0.728829] Block layer SCSI generic (bsg) driver version 0.4 loaded (major 246)
[    0.732719] io scheduler noop registered
[    0.733525] io scheduler deadline registered
[    0.734469] io scheduler cfq registered (default)
[    0.735954] ACPI: AC Adapter [AC] (on-line)
[    0.736971] input: Power Button as /devices/LNXSYSTM:00/LNXPWRBN:00/input/input0
[    0.739096] ACPI: Power Button [PWRF]
[    0.740175] input: Sleep Button as /devices/LNXSYSTM:00/LNXSLPBN:00/input/input1
[    0.741853] ACPI: Sleep Button [SLPF]
[    0.743071] Serial: 8250/16550 driver, 32 ports, IRQ sharing enabled
[    0.743835] ACPI: Battery Slot [BAT0] (battery present)
[    0.765643] 00:02: ttyS0 at I/O 0x3f8 (irq = 4, base_baud = 115200) is a 16550A
[    0.768392] Linux agpgart interface v0.103
[    0.770694] loop: module loaded
[    0.772062] scsi host0: ata_piix
[    0.773174] scsi host1: ata_piix
[    0.773960] ata1: PATA max UDMA/33 cmd 0x1f0 ctl 0x3f6 bmdma 0xd000 irq 14
[    0.775279] ata2: PATA max UDMA/33 cmd 0x170 ctl 0x376 bmdma 0xd008 irq 15
[    0.776825] libphy: Fixed MDIO Bus: probed
[    0.777805] tun: Universal TUN/TAP device driver, 1.6
[    0.779030] PPP generic driver version 2.4.2
[    0.779951] ehci_hcd: USB 2.0 'Enhanced' Host Controller (EHCI) Driver
[    0.781237] ehci-pci: EHCI PCI platform driver
[    0.782141] ehci-platform: EHCI generic platform driver
[    0.783173] ohci_hcd: USB 1.1 'Open' Host Controller (OHCI) Driver
[    0.784556] ohci-pci: OHCI PCI platform driver
[    0.785445] ohci-platform: OHCI generic platform driver
[    0.786490] uhci_hcd: USB Universal Host Controller Interface driver
[    0.787738] i8042: PNP: PS/2 Controller [PNP0303:PS2K,PNP0f03:PS2M] at 0x60,0x64 irq 1,12
[    0.789977] serio: i8042 KBD port at 0x60,0x64 irq 1
[    0.791023] serio: i8042 AUX port at 0x60,0x64 irq 12
[    0.792079] mousedev: PS/2 mouse device common for all mice
[    0.793500] input: AT Translated Set 2 keyboard as /devices/platform/i8042/serio0/input/input2
[    0.795598] rtc_cmos rtc_cmos: rtc core: registered rtc_cmos as rtc0
[    0.796985] rtc_cmos rtc_cmos: alarms up to one day, 114 bytes nvram
[    0.798335] i2c /dev entries driver
[    0.799139] device-mapper: uevent: version 1.0.3
[    0.800144] device-mapper: ioctl: 4.37.0-ioctl (2017-09-20) initialised: dm-devel@redhat.com
[    0.802502] ledtrig-cpu: registered to indicate activity on CPUs
[    0.807194] NET: Registered protocol family 10
[    0.812592] Segment Routing with IPv6
[    0.813415] NET: Registered protocol family 17
[    0.814592] Key type dns_resolver registered
[    0.816075] mce: Using 0 MCE banks
[    0.816903] RAS: Correctable Errors collector initialized.
[    0.817866] sched_clock: Marking stable (816025468, 0)->(1190569331, -374543863)
[    0.819621] registered taskstats version 1
[    0.820404] Loading compiled-in X.509 certificates
[    0.823342] Loaded X.509 cert 'Build time autogenerated kernel key: f0020782f0d3a548186fb3f47aed88387a71e859'
[    0.825355] zswap: loaded using pool lzo/zbud
[    0.830707] Key type big_key registered
[    0.831536] Key type trusted registered
[    0.833929] Key type encrypted registered
[    0.834784] AppArmor: AppArmor sha1 policy hashing enabled
[    0.835894] ima: No TPM chip found, activating TPM-bypass! (rc=-19)
[    0.837043] ima: Allocated hash algorithm: sha1
[    0.838017] evm: HMAC attrs: 0x1
[    0.838979]   Magic number: 12:617:743
[    0.839986] rtc_cmos rtc_cmos: setting system clock to 2020-03-02 17:43:50 UTC (1583171030)
[    0.841912] BIOS EDD facility v0.16 2004-Jun-25, 0 devices found
[    0.842961] EDD information not available.
[    0.940020] Freeing unused kernel image memory: 2428K
[    0.952341] Write protecting the kernel read-only data: 20480k
[    0.954172] Freeing unused kernel image memory: 2008K
[    0.955524] Freeing unused kernel image memory: 1880K
[    0.965281] x86/mm: Checked W+X mappings: passed, no W+X pages found.
[    0.966557] x86/mm: Checking user space page tables
[    0.974679] x86/mm: Checked W+X mappings: passed, no W+X pages found.
Loading, please wait...
starting version 237
[    1.043896] e1000: Intel(R) PRO/1000 Network Driver - version 7.3.21-k8-NAPI
[    1.048216] e1000: Copyright (c) 1999-2006 Intel Corporation.
[    1.050164] Fusion MPT base driver 3.04.20
[    1.051025] Copyright (c) 1999-2008 LSI Corporation
[    1.056777] Fusion MPT SPI Host driver 3.04.20
[    1.063275] AVX2 version of gcm_enc/dec engaged.
[    1.064742] AES CTR mode by8 optimization enabled
[    1.281357] input: ImExPS/2 Generic Explorer Mouse as /devices/platform/i8042/serio1/input/input4
[    1.448775] e1000 0000:00:03.0 eth0: (PCI:33MHz:32-bit) 02:33:ec:f4:7d:44
[    1.450098] e1000 0000:00:03.0 eth0: Intel(R) PRO/1000 Network Connection
[    2.289692] e1000 0000:00:08.0 eth1: (PCI:33MHz:32-bit) 08:00:27:60:71:f2
[    2.290913] e1000 0000:00:08.0 eth1: Intel(R) PRO/1000 Network Connection
[    2.293714] mptbase: ioc0: Initiating bringup
[    2.293739] e1000 0000:00:03.0 enp0s3: renamed from eth0
[    2.321239] e1000 0000:00:08.0 enp0s8: renamed from eth1
[    2.409475] ioc0: LSI53C1030 A0: Capabilities={Initiator}
[    3.460255] scsi host2: ioc0: LSI53C1030 A0, FwRev=00000000h, Ports=1, MaxQ=256, IRQ=20
[    4.009166] scsi 2:0:0:0: Direct-Access     VBOX     HARDDISK         1.0  PQ: 0 ANSI: 5
[    4.040877] scsi target2:0:0: Beginning Domain Validation
[    4.043504] scsi target2:0:0: Domain Validation skipping write tests
[    4.044858] scsi target2:0:0: Ending Domain Validation
[    4.046008] scsi target2:0:0: asynchronous
[    4.047766] scsi 2:0:1:0: Direct-Access     VBOX     HARDDISK         1.0  PQ: 0 ANSI: 5
[    4.080612] scsi target2:0:1: Beginning Domain Validation
[    4.083422] random: fast init done
[    4.084779] scsi target2:0:1: Domain Validation skipping write tests
[    4.086043] scsi target2:0:1: Ending Domain Validation
[    4.087722] scsi target2:0:1: asynchronous
[    4.094297] random: systemd-udevd: uninitialized urandom read (16 bytes read)
[    4.094401] sd 2:0:0:0: Attached scsi generic sg0 type 0
[    4.094544] sd 2:0:0:0: [sda] 20971520 512-byte logical blocks: (10.7 GB/10.0 GiB)
[    4.094601] sd 2:0:0:0: [sda] Write Protect is off
[    4.094704] sd 2:0:0:0: [sda] Incomplete mode parameter data
[    4.094705] sd 2:0:0:0: [sda] Assuming drive cache: write through
[    4.095962] random: systemd-udevd: uninitialized urandom read (16 bytes read)
[    4.097106] sd 2:0:1:0: Attached scsi generic sg1 type 0
[    4.098245] random: systemd-udevd: uninitialized urandom read (16 bytes read)
[    4.098921] sd 2:0:1:0: [sdb] 20480 512-byte logical blocks: (10.5 MB/10.0 MiB)
[    4.102104]  sda: sda1
[    4.103730] sd 2:0:1:0: [sdb] Write Protect is off
[    4.105878] sd 2:0:0:0: [sda] Attached SCSI disk
[    4.109223] sd 2:0:1:0: [sdb] Incomplete mode parameter data
[    4.110291] sd 2:0:1:0: [sdb] Assuming drive cache: write through
[    4.115729] sd 2:0:1:0: [sdb] Attached SCSI disk
Begin: Loading essential drivers ... [    5.672372] raid6: sse2x1   gen() 12339 MB/s
[    5.720265] raid6: sse2x1   xor()  9522 MB/s
[    5.768043] raid6: sse2x2   gen() 15219 MB/s
[    5.816427] raid6: sse2x2   xor() 10063 MB/s
[    5.864180] raid6: sse2x4   gen() 16930 MB/s
[    5.912230] raid6: sse2x4   xor() 10693 MB/s
[    5.960123] raid6: avx2x1   gen() 23969 MB/s
[    6.008382] raid6: avx2x1   xor() 17470 MB/s
[    6.056274] raid6: avx2x2   gen() 29010 MB/s
[    6.104070] raid6: avx2x2   xor() 17910 MB/s
[    6.152383] raid6: avx2x4   gen() 33839 MB/s
[    6.200398] raid6: avx2x4   xor() 21328 MB/s
[    6.201385] raid6: using algorithm avx2x4 gen() 33839 MB/s
[    6.202509] raid6: .... xor() 21328 MB/s, rmw enabled
[    6.203707] raid6: using avx2x2 recovery algorithm
[    6.205753] xor: automatically using best checksumming function   avx       
[    6.208321] async_tx: api initialized (async)
done.
Begin: Running /scripts/init-premount ... done.
Begin: Mounting root file system ... Begin: Running /scripts/local-top ... done.
Begin: Running /scripts/local-premount ... [    6.250914] Btrfs loaded, crc32c=crc32c-intel
Scanning for Btrfs filesystems
done.
Warning: fsck not present, so skipping root file system
[    6.282098] EXT4-fs (sda1): mounted filesystem with ordered data mode. Opts: (null)
done.
Begin: Running /scripts/local-bottom ... done.
Begin: Running /scripts/init-bottom ... done.
[    6.421022] ip_tables: (C) 2000-2006 Netfilter Core Team
[    6.428906] systemd[1]: systemd 237 running in system mode. (+PAM +AUDIT +SELINUX +IMA +APPARMOR +SMACK +SYSVINIT +UTMP +LIBCRYPTSETUP +GCRYPT +GNUTLS +ACL +XZ +LZ4 +SECCOMP +BLKID +ELFUTILS +KMOD -IDN2 +IDN -PCRE2 default-hierarchy=hybrid)
[    6.432557] systemd[1]: Detected virtualization oracle.
[    6.433518] systemd[1]: Detected architecture x86-64.

Welcome to [1mUbuntu 18.04.4 LTS[0m!

[    6.443310] systemd[1]: Set hostname to <ubuntu>.
[    6.447070] systemd[1]: Initializing machine ID from random generator.
[    6.448202] systemd[1]: Installed transient /etc/machine-id file.
[    6.677380] systemd[1]: Created slice User and Session Slice.
[[0;32m  OK  [0m] Created slice User and Session Slice.
[    6.679487] systemd[1]: Created slice System Slice.
[[0;32m  OK  [0m] Created slice System Slice.
[    6.681197] systemd[1]: Listening on Journal Socket (/dev/log).
[[0;32m  OK  [0m] Listening on Journal Socket (/dev/log).
[    6.683029] systemd[1]: Listening on udev Kernel Socket.
[[0;32m  OK  [0m] Listening on udev Kernel Socket.
[[0;32m  OK  [0m] Listening on LVM2 poll daemon socket.
[[0;32m  OK  [0m] Created slice system-serial\x2dgetty.slice.
[[0;32m  OK  [0m] Listening on udev Control Socket.
[[0;32m  OK  [0m] Started Forward Password Requests to Wall Directory Watch.
[[0;32m  OK  [0m] Listening on Device-mapper event daemon FIFOs.
[[0;32m  OK  [0m] Reached target Slices.
[[0;32m  OK  [0m] Listening on Journal Socket.
         Starting Set the console keyboard layout...
         Starting Remount Root and Kernel File Systems...
         Starting udev Coldplug all Devices...
[[0;32m  OK  [0m] Reached target Swap.
         Mounting Kernel Debug File System...
[[0;32m  OK  [0m] Listening on LVM2 metadata daemon socket.
         Starting Monitoring of LVM2 mirrorsâ€¦ng dmeventd or progress polling...
[[0;32m  OK  [0m] Listening on Syslog Socket.
[[0;32m  OK  [0m] Reached target System Time Synchronized.
         Starting Uncomplicated firewall...
[    6.782226] EXT4-fs (sda1): re-mounted. Opts: (null)
[[0;32m  OK  [0m] Listening on Journal Audit Socket.
         Starting Journal Service...
         Starting Create list of required stâ€¦ce nodes for the current kernel...
         Mounting POSIX Message Queue File System...
[[0;32m  OK  [0m] Reached target User and Group Name Lookups.
         Mounting Huge Pages File System...
[[0;32m  OK  [0m] Set up automount Arbitrary Executabâ€¦rmats File System Automount Point.
[[0;32m  OK  [0m] Listening on /dev/initctl Compatibility Named Pipe.
[[0;32m  OK  [0m] Listening on Network Service Netlink Socket.
         Starting Load Kernel Modules...
[[0;32m  OK  [0m] Started Remount Root and Kernel File Systems.
[[0;32m  OK  [0m] Mounted Kernel Debug File System.
[[0;32m  OK  [0m] Started Uncomplicated firewall.
[[0;32m  OK  [0m] Started Create list of required staâ€¦vice nodes for the current kernel.
[[0;32m  OK  [0m] Mounted POSIX Message Queue File System.
[[0;32m  OK  [0m] Mounted Huge Pages File System.
[[0;32m  OK  [0m] Started LVM2 metadata daemon.
         Starting Create Static Device Nodes in /dev...
[    6.843989] Loading iSCSI transport class v2.0-870.
[    6.852918] iscsi: registered transport (tcp)
         Starting Load/Save Random Seed...
[[0;32m  OK  [0m] Started udev Coldplug all Devices.
[[0;32m  OK  [0m] Started Journal Service.
         Starting Flush Journal to Persistent Storage...
[[0;32m  OK  [0m] Started Create Static Device Nodes in /dev.
         Starting udev Kernel Device Manager...
[    6.923336] iscsi: registered transport (iser)
[[0;32m  OK  [0m] Started Load Kernel Modules.
         Starting Apply Kernel Variables...
         Mounting Kernel Configuration File System...
         Mounting FUSE Control File System...
[[0;32m  OK  [0m] Started Monitoring of LVM2 mirrors,â€¦sing dmeventd or progress polling.
[[0;32m  OK  [0m] Started Load/Save Random Seed.
[[0;32m  OK  [0m] Mounted Kernel Configuration File System.
[[0;32m  OK  [0m] Mounted FUSE Control File System.
[    6.955761] systemd-journald[428]: Received request to flush runtime journal from PID 1
[[0;32m  OK  [0m] Started udev Kernel Device Manager.
[[0;32m  OK  [0m] Started Apply Kernel Variables.
[[0;32m  OK  [0m] Started Flush Journal to Persistent Storage.
[[0;32m  OK  [0m] Found device /dev/ttyS0.
[[0;32m  OK  [0m] Listening on Load/Save RF Kill Switch Status /dev/rfkill Watch.
[[0;32m  OK  [0m] Started Set the console keyboard layout.
[[0;32m  OK  [0m] Started Dispatch Password Requests to Console Directory Watch.
[[0;32m  OK  [0m] Reached target Local Encrypted Volumes.
[[0;32m  OK  [0m] Reached target Local File Systems (Pre).
[[0;32m  OK  [0m] Reached target Local File Systems.
         Starting AppArmor initialization...
         Starting ebtables ruleset management...
         Starting Commit a transient machine-id on disk...
         Starting Set console font and keymap...
         Starting Create Volatile Files and Directories...
         Starting Tell Plymouth To Write Out Runtime Data...
[[0;32m  OK  [0m] Started Tell Plymouth To Write Out Runtime Data.
[[0;32m  OK  [0m] Started Create Volatile Files and Directories.
         Starting Update UTMP about System Boot/Shutdown...
[[0;32m  OK  [0m] Started Update UTMP about System Boot/Shutdown.
[[0;32m  OK  [0m] Started Commit a transient machine-id on disk.
[[0;32m  OK  [0m] Started ebtables ruleset management.
[[0;32m  OK  [0m] Started AppArmor initialization.
         Starting Initial cloud-init job (pre-networking)...
[[0;32m  OK  [0m] Started Set console font and keymap.
[   10.344651] cloud-init[875]: Cloud-init v. 19.4-33-gbb4131a2-0ubuntu1~18.04.1 running 'init-local' at Mon, 02 Mar 2020 17:43:59 +0000. Up 9.94 seconds.
[[0;32m  OK  [0m] Started Initial cloud-init job (pre-networking).
[[0;32m  OK  [0m] Reached target Network (Pre).
         Starting Network Service...
[[0;32m  OK  [0m] Started Network Service.
         Starting Wait for Network to be Configured...
         Starting Network Name Resolution...
[[0;32m  OK  [0m] Started Network Name Resolution.
[[0;32m  OK  [0m] Reached target Network.
[[0;32m  OK  [0m] Reached target Host and Network Name Lookups.
[[0;32m  OK  [0m] Started Wait for Network to be Configured.
         Starting Initial cloud-init job (metadata service crawler)...
[   12.331016] cloud-init[1024]: Cloud-init v. 19.4-33-gbb4131a2-0ubuntu1~18.04.1 running 'init' at Mon, 02 Mar 2020 17:44:01 +0000. Up 12.11 seconds.
[   12.332746] cloud-init[1024]: ci-info: ++++++++++++++++++++++++++++++++++++++Net device info+++++++++++++++++++++++++++++++++++++++
[   12.334158] cloud-init[1024]: ci-info: +--------+-------+----------------------------+---------------+--------+-------------------+
[   12.336168] cloud-init[1024]: ci-info: | Device |   Up  |          Address           |      Mask     | Scope  |     Hw-Address    |
[   12.337700] cloud-init[1024]: ci-info: +--------+-------+----------------------------+---------------+--------+-------------------+
[   12.339492] cloud-init[1024]: ci-info: | enp0s3 |  True |         10.0.2.15          | 255.255.255.0 | global | 02:33:ec:f4:7d:44 |
[   12.340751] cloud-init[1024]: ci-info: | enp0s3 |  True | fe80::33:ecff:fef4:7d44/64 |       .       |  link  | 02:33:ec:f4:7d:44 |
[   12.353317] cloud-init[1024]: ci-info: | enp0s8 | False |             .              |       .       |   .    | 08:00:27:60:71:f2 |
[   12.355898] cloud-init[1024]: ci-info: |   lo   |  True |         127.0.0.1          |   255.0.0.0   |  host  |         .         |
[   12.357150] cloud-init[1024]: ci-info: |   lo   |  True |          ::1/128           |       .       |  host  |         .         |
[   12.358836] cloud-init[1024]: ci-info: +--------+-------+----------------------------+---------------+--------+-------------------+
[   12.360657] cloud-init[1024]: ci-info: ++++++++++++++++++++++++++++Route IPv4 info+++++++++++++++++++++++++++++
[   12.362288] cloud-init[1024]: ci-info: +-------+-------------+----------+-----------------+-----------+-------+
[   12.363910] cloud-init[1024]: ci-info: | Route | Destination | Gateway  |     Genmask     | Interface | Flags |
[   12.365272] cloud-init[1024]: ci-info: +-------+-------------+----------+-----------------+-----------+-------+
[   12.376456] cloud-init[1024]: ci-info: |   0   |   0.0.0.0   | 10.0.2.2 |     0.0.0.0     |   enp0s3  |   UG  |
[   12.377674] cloud-init[1024]: ci-info: |   1   |   10.0.2.0  | 0.0.0.0  |  255.255.255.0  |   enp0s3  |   U   |
[   12.378912] cloud-init[1024]: ci-info: |   2   |   10.0.2.2  | 0.0.0.0  | 255.255.255.255 |   enp0s3  |   UH  |
[   12.380110] cloud-init[1024]: ci-info: +-------+-------------+----------+-----------------+-----------+-------+
[   12.381254] cloud-init[1024]: ci-info: +++++++++++++++++++Route IPv6 info+++++++++++++++++++
[   12.382210] cloud-init[1024]: ci-info: +-------+-------------+---------+-----------+-------+
[   12.383218] cloud-init[1024]: ci-info: | Route | Destination | Gateway | Interface | Flags |
[   12.384202] cloud-init[1024]: ci-info: +-------+-------------+---------+-----------+-------+
[   12.385217] cloud-init[1024]: ci-info: |   1   |  fe80::/64  |    ::   |   enp0s3  |   U   |
[   12.386211] cloud-init[1024]: ci-info: |   3   |    local    |    ::   |   enp0s3  |   U   |
[   12.387202] cloud-init[1024]: ci-info: |   4   |   ff00::/8  |    ::   |   enp0s3  |   U   |
[   12.388309] cloud-init[1024]: ci-info: +-------+-------------+---------+-----------+-------+
[   12.879802] cloud-init[1024]: Generating public/private rsa key pair.
[   12.881044] cloud-init[1024]: Your identification has been saved in /etc/ssh/ssh_host_rsa_key.
[   12.882629] cloud-init[1024]: Your public key has been saved in /etc/ssh/ssh_host_rsa_key.pub.
[   12.884079] cloud-init[1024]: The key fingerprint is:
[   12.900567] cloud-init[1024]: SHA256:gNuMbZpZJYsgYkrr1w1bmZPXX5S5b0H52e90Fsc8o+Y root@ubuntu-bionic
[   12.902352] cloud-init[1024]: The key's randomart image is:
[   12.903350] cloud-init[1024]: +---[RSA 2048]----+
[   12.904215] cloud-init[1024]: |                 |
[   12.904968] cloud-init[1024]: |     .          +|
[   12.905774] cloud-init[1024]: |oo. . o .      * |
[   12.917592] cloud-init[1024]: |=... B =+ .   oo=|
[   12.918305] cloud-init[1024]: |..  +.B*S. .   O*|
[   12.919088] cloud-init[1024]: |.   .*= o   . o O|
[   12.919692] cloud-init[1024]: | . .+o .     +  B|
[   12.920369] cloud-init[1024]: |  .         o  =.|
[   12.920987] cloud-init[1024]: |             E  .|
[   12.921775] cloud-init[1024]: +----[SHA256]-----+
[   12.922588] cloud-init[1024]: Generating public/private dsa key pair.
[   12.923426] cloud-init[1024]: Your identification has been saved in /etc/ssh/ssh_host_dsa_key.
[   12.924572] cloud-init[1024]: Your public key has been saved in /etc/ssh/ssh_host_dsa_key.pub.
[   12.925715] cloud-init[1024]: The key fingerprint is:
[   12.926424] cloud-init[1024]: SHA256:ISmFkG72dV3XDSfuJltYJ/4Ap7d12P0dHm8fTRvHK3A root@ubuntu-bionic
[   12.927581] cloud-init[1024]: The key's randomart image is:
[   12.928400] cloud-init[1024]: +---[DSA 1024]----+
[   12.929073] cloud-init[1024]: |  .o ..       ooo|
[   12.929481] cloud-init[1024]: |  . .. .    ...oo|
[   12.930123] cloud-init[1024]: | .  . o .. ...= .|
[   12.930768] cloud-init[1024]: |  +  ......  O *.|
[   12.931426] cloud-init[1024]: | o . . .S  .+EO+O|
[   12.932144] cloud-init[1024]: |    .       o*.*&|
[   12.932926] cloud-init[1024]: |            ...=B|
[[0;32m  OK  [0m] Started Initial cloud-init job (metadata service crawler).
[   12.933827] cloud-init[1024]: |              ..o|
[[0;32m  OK  [0m] Reached target Cloud-config availability.
[   12.935309] cloud-init[1024]: |                .|
[[0;32m  OK  [0m] Reached target Network is Online.
[   12.956336] cloud-init[1024]: +----[SHA256]-----+
[[0;32m  OK  [0m] Reached target Remote File Systems (Pre).
[   12.987515] cloud-init[1024]: Generating public/private ecdsa key pair.
[[0;32m  OK  [0m[   12.988244] ] cloud-initReached target Remote File Systems.[1024]: 
Your identification has been saved in /etc/ssh/ssh_host_ecdsa_key.
         Starting Availability of block devices...
[   13.004456] cloud-init[1024]: Your public key has been saved in /etc/ssh/ssh_host_ecdsa_key.pub.
[[0;32m  OK  [0m] Reached target System Initialization.
[   13.017353] cloud-init[1024]: The key fingerprint is:
[   13.029203] [cloud-init[0;32m  OK  [0m[1024]: ] SHA256:eLfTXqB59ieMgb8clPY7IrI0uSzrlEmQI9g3udrby4c root@ubuntu-bionicListening on D-Bus System Message Bus Socket.

[[0;32m  OK  [0m] Listening on UUID daemon activation socket.
[   13.030371] cloud-init[1024]: The key's randomart image is:
[[0;32m  OK  [0m] Started Message of the Day.
[   13.031698] cloud-init[1024]: +---[ECDSA 256]---+
[[0;32m  OK  [0m] Started Discard unused blocks once a week.
[   13.032900] cloud-init[1024]: |                 |
[[0;32m  OK  [0m] Started ACPI Events Check.
[   13.057104] cloud-init[1024]: | o   o           |
[   13.068434] [cloud-init[0;32m  OK  [0m[1024]: ] Reached target Paths.
|. o B            |
[[0;32m  OK  [0m] Started Daily Cleanup of Temporary Directories.
[   13.085144] cloud-init[1024]: |   o = .     .   |
[   13.086476] cloud-init[1024]: |    . o S ..=    |
         Starting Socket activation for snappy daemon.
[[0;32m  OK  [0m] Listening on Open-iSCSI iscsid Socket.
[   13.087087] cloud-init[1024]: |   o . + o.B.o   |
         Starting LXD - unix socket.
[   13.103650] cloud-init[1024]: |  . . +.+ =.=+o  |
[[0;32m  OK  [0m] Started Daily apt download activities.
[   13.116301] cloud-init[1024]: |     =Eooo.*+++..|
[[0;32m  OK  [0m] Started Daily apt upgrade and clean activities.
[   13.128256] cloud-init[1024]: |    ..*=+o .+oo+ |
[[0;32m  OK  [0m] Reached target Timers.
[   13.129251] cloud-init[1024]: +----[SHA256]-----+
[[0;32m  OK  [0m] Listening on ACPID Listen Socket.
[   13.152115] cloud-init[1024]: Generating public/private ed25519 key pair.
[[0;32m  OK  [0m] Started Availability of block devices.
[   13.153805] cloud-init[1024]: Your identification has been saved in /etc/ssh/ssh_host_ed25519_key.
[[0;32m  OK  [0m] Listening on Socket activation for snappy daemon.
[   13.215181] cloud-init[1024]: Your public key has been saved in /etc/ssh/ssh_host_ed25519_key.pub.
[   13.240789] cloud-init[1024]: The key fingerprint is:
[[0;32m  OK  [0m] Listening on LXD - unix socket.
[   13.242346] cloud-init[1024]: SHA256:u4moje0M+psOHd1Cs5lO3EnAPJXvrEaZ0dJaTxofJkY root@ubuntu-bionic
[   13.244670] [cloud-init[1024]: The key's randomart image is:
[0;32m  OK  [0m] Reached target Sockets.
[   13.244749] cloud-init[1024]: +--[ED25519 256]--+
[[0;32m  OK  [0m] Reached target Basic System.
[   13.245690] cloud-init[1024]: |   o....         |
         [   13.257217] Starting LSB: automatic crash report generation...cloud-init
[1024]: |    +.. E        |
         Starting LSB: Record successful boot for GRUB...
[   13.268245] cloud-init[1024]: |    o..=         |
[   13.281475] cloud-init[1024]: |   + Oo.O +      |
[[0;32m  OK  [0m] Started D-Bus System Message Bus.
[   13.281909] cloud-init[1024]: |  . O +@SO .     |
[   13.292219] cloud-init[1024]: | . + .= +.o      |
[   13.292722] cloud-init[1024]: |. o .. ..        |
         Starting Permit User Sessions...
[   13.304262] cloud-init[1024]: | o B .o. o       |
[   13.306835] cloud-init[1024]: |.oB+*.. o        |
         Starting Dispatcher daemon for systemd-networkd...
[   13.316353] cloud-init[1024]: +----[SHA256]-----+
         Starting Pollinate to seed the pseudo random number generator...
         Starting Accounts Service...
         Starting System Logging Service...
[[0;32m  OK  [0m] Started Deferred execution scheduler.
[[0;32m  OK  [0m] Started irqbalance daemon.
         Starting Login Service...
[[0;32m  OK  [0m] Started FUSE filesystem for LXC.
         Starting LXD - container startup/shutdown...
[[0;32m  OK  [0m] Started Regular background program processing daemon.
         Starting Virtualbox guest utils...
         Starting Snappy daemon...
[[0;32m  OK  [0m] Started System Logging Service.
[[0;32m  OK  [0m] Started Permit User Sessions.
[[0;32m  OK  [0m] Started Login Service.
         Starting Authorization Manager...
[[0;32m  OK  [0m] Started Unattended Upgrades Shutdown.
         Starting Hold until boot process finishes up...
         Starting Terminate Plymouth Boot Screen...
[[0;32m  OK  [0m] Started LSB: automatic crash report generation.
[[0;32m  OK  [0m] Started Hold until boot process finishes up.
         Starting Set console scheme...
[[0;32m  OK  [0m] Started Serial Getty on ttyS0.
[[0;32m  OK  [0m] Started Terminate Plymouth Boot Screen.
[[0;32m  OK  [0m] Started Set console scheme.
[[0;32m  OK  [0m] Created slice system-getty.slice.
[[0;32m  OK  [0m] Started Getty on tty1.
[[0;32m  OK  [0m] Reached target Login Prompts.
[[0;32m  OK  [0m] Started LXD - container startup/shutdown.
[[0;32m  OK  [0m] Started Authorization Manager.
[[0;32m  OK  [0m] Started Accounts Service.
[[0;32m  OK  [0m] Started LSB: Record successful boot for GRUB.
[[0;32m  OK  [0m] Started Virtualbox guest utils.
[[0;32m  OK  [0m] Started Dispatcher daemon for systemd-networkd.
[[0;32m  OK  [0m] Started Pollinate to seed the pseudo random number generator.
         Starting OpenBSD Secure Shell server...
[[0;32m  OK  [0m] Started Snappy daemon.
         Starting Wait until snapd is fully seeded...
[[0;32m  OK  [0m] Started OpenBSD Secure Shell server.
[[0;32m  OK  [0m] Created slice User Slice of vagrant.
         Starting User Manager for UID 1000...
[[0;32m  OK  [0m] Started Session 1 of user vagrant.
[[0;32m  OK  [0m] Started User Manager for UID 1000.
[[0;32m  OK  [0m] Started Wait until snapd is fully seeded.
         Starting Apply the settings specified in cloud-config...
[[0;32m  OK  [0m] Reached target Multi-User System.
[[0;32m  OK  [0m] Reached target Graphical Interface.
         Starting Update UTMP about System Runlevel Changes...
[[0;32m  OK  [0m] Started Update UTMP about System Runlevel Changes.
[   15.690919] cloud-init[1710]: Cloud-init v. 19.4-33-gbb4131a2-0ubuntu1~18.04.1 running 'modules:config' at Mon, 02 Mar 2020 17:44:04 +0000. Up 15.22 seconds.
[[0;32m  OK  [0m] Started Apply the settings specified in cloud-config.
         Starting Execute cloud user/final scripts...
ci-info: no authorized SSH keys fingerprints found for user ubuntu.
<14>Mar  2 17:44:06 ec2: 
<14>Mar  2 17:44:06 ec2: #############################################################
<14>Mar  2 17:44:06 ec2: -----BEGIN SSH HOST KEY FINGERPRINTS-----
<14>Mar  2 17:44:06 ec2: 1024 SHA256:ISmFkG72dV3XDSfuJltYJ/4Ap7d12P0dHm8fTRvHK3A root@ubuntu-bionic (DSA)
<14>Mar  2 17:44:06 ec2: 256 SHA256:eLfTXqB59ieMgb8clPY7IrI0uSzrlEmQI9g3udrby4c root@ubuntu-bionic (ECDSA)
<14>Mar  2 17:44:06 ec2: 256 SHA256:u4moje0M+psOHd1Cs5lO3EnAPJXvrEaZ0dJaTxofJkY root@ubuntu-bionic (ED25519)
<14>Mar  2 17:44:06 ec2: 2048 SHA256:gNuMbZpZJYsgYkrr1w1bmZPXX5S5b0H52e90Fsc8o+Y root@ubuntu-bionic (RSA)
<14>Mar  2 17:44:06 ec2: -----END SSH HOST KEY FINGERPRINTS-----
<14>Mar  2 17:44:06 ec2: #############################################################
-----BEGIN SSH HOST KEY KEYS-----
ecdsa-sha2-nistp256 AAAAE2VjZHNhLXNoYTItbmlzdHAyNTYAAAAIbmlzdHAyNTYAAABBBAo8b+D3uCDfdprR6KM2jh7oRs6m9y+cmpFgZnC9lFkSQZd+5pqj7TcVvBsIRKWimFBv6hGW78H+h/6rAaFqb0c= root@ubuntu-bionic
ssh-ed25519 AAAAC3NzaC1lZDI1NTE5AAAAIHCDV3tZqbYKJB3DOXSnnlH3dD+auL0v0lB7bRoqzqZT root@ubuntu-bionic
ssh-rsa AAAAB3NzaC1yc2EAAAADAQABAAABAQDLIq9sv9sH/nnyjRQwDVvpaIekFFdkxz31Qsyu9BaCmmTqRCAfCZ30CFbTWpuqHpbtLX2NyQeHR9pygDzO/gHQA/1us+dO3KzDRXdbjzi8PHqYPFJKgCfw/OT8NDMGFlDW5/khQJgRQJRfi88icmHpC6t6ABOqRhneWssL+slCrczQ67DGl01fnVNmKMywV8JpjLrIBrEX+b6zO60UiGA2/Qxf46SMaKYZsNuHzXvQQpNWffoU4g+HYBulvUUY5OeIxioYoPPrXFuAqQzM7Y9fA7cxLwEdZ1ORuZJgAOnuw53ZTS+yCA/f1MNNJ/85ivMxwBfdAy/DM8C+roLrjQqT root@ubuntu-bionic
-----END SSH HOST KEY KEYS-----
[   16.529804] cloud-init[1805]: Cloud-init v. 19.4-33-gbb4131a2-0ubuntu1~18.04.1 running 'modules:final' at Mon, 02 Mar 2020 17:44:05 +0000. Up 16.28 seconds.
[   16.531878] cloud-init[1805]: ci-info: no authorized SSH keys fingerprints found for user ubuntu.
[   16.532799] cloud-init[1805]: Cloud-init v. 19.4-33-gbb4131a2-0ubuntu1~18.04.1 finished at Mon, 02 Mar 2020 17:44:06 +0000. Datasource DataSourceNoCloud [seed=/dev/sdb][dsmode=net].  Up 16.52 seconds
[[0;32m  OK  [0m] Started Execute cloud user/final scripts.
[[0;32m  OK  [0m] Reached target Cloud-init target.

Ubuntu 18.04.4 LTS ubuntu-bionic ttyS0

ubuntu-bionic login: 